// Jest Snapshot v1, https://goo.gl/fbAQLP

exports[`Login renders correctly 1`] = `
<div
  className="grid w-screen h-screen bg-black grid-col-2 grid-row-2 "
>
  <video
    autoPlay={true}
    className="block w-screen h-full z-3"
    layout="fill"
    loop={true}
    muted={true}
    playsInline={true}
    src="/Shurima.webm"
  />
  <div
    className="absolute z-0 flex w-10/12"
  >
    <form
      className="z-0 h-24"
      onSubmit={[Function]}
    >
      <h1
        className="z-0 block w-full pl-10 my-2 mt-5 text-4xl font-bold text-white "
      >
        Recommended Items
      </h1>
      <div
        className="items-start py-5 pl-5"
      >
        <label
          className="z-0 block w-full py-10 my-2 mt-5 text-xl font-bold tracking-wide text-white "
        >
          <h2
            className="w-full mt-0 mb-2 ml-4 text-xl leading-normal capitalize shadow-2xl font-lg text-blueGray-50"
          >
            Enter your champion name to get the recommended build!
          </h2>
        </label>
      </div>
      <div
        className="z-0 inline-flex w-full px-10"
      >
        <input
          className="z-0 block w-full px-20 py-4 leading-tight text-gray-700 border border-gray-200 border-solid rounded-l-lg appearance-none bg-white/90 focus:outline-none focus:bg-white focus:border-gray-200 "
          id="championname"
          name="championname"
          placeholder="champion name"
          required={true}
          type="text"
        />
        <div
          className="flex w-full z-1"
        >
          <button
            className="justify-center w-32 bg-yellow-300 rounded-r-lg z-1"
            type="submit"
          >
            <span />
          </button>
        </div>
      </div>
    </form>
  </div>
  <div>
    <h1
      className="z-0 text-xl leading-normal capitalize shadow-2xl z-1 font-lg text-blueGray-50"
    >
      Please Enter a Valid Champion Name!
    </h1>
  </div>
</div>
`;
